// Jest Snapshot v1, https://goo.gl/fbAQLP

exports[`Prueba de validacion de componente Debe de validar correcta ejecucion del componente 1`] = `
<div
  className="card animate__animated animate__fadein"
>
  <img
    alt="Prueba"
    src="https://PruebaURL"
  />
  <p>
    Prueba
  </p>
</div>
`;
